2024-10-25 07:36:04,826:INFO:程序开始运行
2024-10-25 07:36:04,826:INFO:Python版本: 3.12.4 | packaged by Anaconda, Inc. | (main, Jun 18 2024, 15:03:56) [MSC v.1929 64 bit (AMD64)]
2024-10-25 07:36:04,826:INFO:环境准备完成
2024-10-25 07:36:04,838:ERROR:读取CSV文件时出错: 'utf-8' codec can't decode byte 0xc4 in position 0: invalid continuation byte
2024-10-25 07:41:15,903:INFO:程序开始运行
2024-10-25 07:41:15,904:INFO:Python版本: 3.12.4 | packaged by Anaconda, Inc. | (main, Jun 18 2024, 15:03:56) [MSC v.1929 64 bit (AMD64)]
2024-10-25 07:41:15,904:INFO:环境准备完成
2024-10-25 07:41:15,944:INFO:成功读取CSV文件，共 1001 行数据
2024-10-25 07:41:15,945:INFO:数据列名: ['年份', '日期', '报纸版次', '标题', '文本内容', 'Unnamed: 5']
2024-10-25 07:41:15,945:INFO:数据形状: (1001, 6)
2024-10-25 07:41:15,945:INFO:数据类型:
年份              int64
日期             object
报纸版次           object
标题             object
文本内容           object
Unnamed: 5    float64
dtype: object
2024-10-25 07:41:15,948:INFO:数据读取完成
2024-10-25 07:41:15,952:INFO:开始数据预处理
2024-10-25 07:41:15,969:INFO:清洗后的数据形状: (912, 5)
2024-10-25 07:41:16,601:DEBUG:Building prefix dict from the default dictionary ...
2024-10-25 07:41:16,602:DEBUG:Loading model from cache C:\Users\qjm52\AppData\Local\Temp\jieba.cache
2024-10-25 07:41:17,365:DEBUG:Loading model cost 0.762 seconds.
2024-10-25 07:41:17,366:DEBUG:Prefix dict has been built successfully.
2024-10-25 07:41:21,668:INFO:数据预处理完成
2024-10-25 07:41:21,709:INFO:处理后的数据已保存到: ./Output\cs_renminribao.csv_processed.csv
2024-10-25 07:41:21,716:INFO:开始特征提取
2024-10-25 07:41:21,978:INFO:TF-IDF矩阵形状: (912, 5000)
2024-10-25 07:41:21,981:INFO:特征数量: 5000
2024-10-25 07:41:21,981:INFO:特征提取完成
2024-10-25 07:41:21,987:INFO:开始相似度计算
2024-10-25 07:41:21,988:INFO:关键词定义完成
2024-10-25 07:41:21,994:INFO:主题向量形状: (1, 5000)
2024-10-25 07:41:22,000:INFO:相似度数组形状: (912, 1)
2024-10-25 07:41:22,007:INFO:排序后的DataFrame形状: (912, 7)
2024-10-25 07:41:22,009:INFO:注意：0行数据被删除以匹配相似度数组长度
2024-10-25 07:41:22,016:INFO:相似度高于0.3的文章已保存到: ./Output\cs_renminribao.csv_high_similarity_0.3.csv
2024-10-25 07:41:22,016:INFO:相似度计算完成
2024-10-25 07:41:56,213:INFO:相似度高于0.1的文章已保存到: ./Output\cs_renminribao.csv_high_similarity_0.1.csv
2024-10-25 07:41:56,213:INFO:相似度计算完成
